I'm sorry, but errors were detected in your script. Please correct the
errors listed below, and try again.


File "game/script.rpy", line 203: expecting name after dot.
(Perhaps you left out a " at the end of the first line.)
    "Distantly, I hear Bea shouting my name, but I stay silent. I don't even breathe. Is it a serial killer? A wild animal?
        
        "...Or is it what I was looking for all along?"
            ^
        
        "I pat the ground beside me until I find the flashlight. Trembling, I lift the beam to illuminate the figure, and see..."
        
        play music "greg.ogg" fadeout 1
        show greg annoyed
        
        qg "Hey! Are you trying to blind me or something?"
        
        p "Huh?"
        
        qg "Jeez, point that thing somewhere else!"
        
        "I stare at the creature in front of me for longer than is probably polite. He looks like a normal man in his 20s, save for his gray complexion and bat-like features. It's like he walked straight out of a 19th century fantasy novel and picked up an outfit at Hot Tropics."
        
    menu:
    
        "What are you?":
            jump intro_figure1
    
        "(Say sorry)":
            jump intro_figure2
    
        "(Just keep staring)":
            jump intro_figure3
            
    label intro_figure1:
        
        p "What –{w=.5} what are you?"
        
        show greg neutral
        
        qg "You mean you don't know what I am?"
        
        jump intro_figure4
        
    label intro_figure2:
        
        p "S-sorry..."
        
        "My voice comes out a little squeakier than I intended, but I think it was a valiant effort at politeness, given the circumstances."
        
        show greg annoyed
        
        qg "Ugh, I guess it doesn't matter now. You already know what I am, don't you?"
        
        jump intro_figure4
        
    label intro_figure3:
        
        qg "What's wrong, imp's got your tongue?"
        
        p "It's just... I've never seen anyone like you."
        
        qg "You mean you don't know what I am?"
        
        jump intro_figure4
        
    label intro_figure4:
        
        p "Um..."
        
        "The creature spreads his wings and bares his fangs."
        
        qg "Really? Nothing?"
        
        p "A vampire?"
        
        show greg annoyed
        
        qg "No, I'm not a vampire!{w=.5} A vampire. Oh, that's rich."
        
        qg "Humans catch a glimpse of some furry flying thing and they just {i}know{/i} it's Mothman, but they couldn't recognize a gargoyle if it bit them on the ass."
        
        p "A gargoyle!"
        
        p "Holy shit...{w=.5} You're a real cryptid!"
        
        "The stories are flashing through my head now.{w} Houston, Texas. A bat-winged monstrosity that kills dogs and drains them of their blood."
        
        "The wings, the fangs, the complexion, it all fits. But somehow, I never expected a gargoyle to look so {i}handsome{/i}."
        
        show greg neutral
        
        qg "Yep, that's me, Mr. Real Cryptid."
        
        qg "Bigfoot's toe, Batu is going to {i}kill{/i} me. I wasn't supposed to be seen anywhere near humans. But how am I supposed to account for them raining down on top of my head?!"
        
        "Distantly, I hear Bea yelling."
        
        b "Hang in there, [name]! I'm coming down!"
        
        qg "Oh, no you don't. One human is bad enough."
        
        "The gargoyle looks left and right, then grabs my hand and pulls me to my feet. He smells vaguely like thrift stores and cigarettes."
        
        qg "Sorry, didn't catch your name."
        
        p "It's –{w=.5} It's [name]."
        
        qg "Charmed. I'm Greg."
        
        g "Come with me. Maybe Batu will know what to do with you."
        
        "He starts pulling me through the forest by the hand."
        
        hide greg
        with char
        
    menu:
    
        "(Break free)":
            jump intro_hand1
            
        "(Go with him)":
            jump intro_hand2
    
    label intro_hand1:
        
        "Before he can take me anywhere, I break from his grip."
        
        p "Whoa, whoa, whoa! I'm pretty sure my dad warned me about following strangers through the woods."
        
        g "Listen, poop-legs. You're talking to a bona fide gargoyle."
        
        p "Poop-legs...?"
        
        g "Are you going to come with me and meet some other cryptids face-to-face? Or are you going to run back to your friend and probably never see one of us again?"
        
        p "Well, I guess when you put it like [i]that[/i], it's a no-brainer."
        
        g "Thought so. Watch your step!"
        
        jump intro_hand3
        
    label intro_hand2:
        
        "I run alongside him, stumbling as I try to keep up with his surprising speed."
        
        p "Wait, wait, wait, where are we going?"
        
        g "Trust me, you're going to love it. Not every day you get to meet multiple cryptids face-to-face. Watch your step!"
        
        jump intro_hand3
        
    label intro_hand3:
        
        "Greg leaps over a rotting log, disappearing out of sight. I pull out my phone to shoot Bea a quick text message – {i}Be back soon, don't worry about me{/i} – then I hop over the log as well."
        
        p "Hey! Wait up!"
        
        "A tiny voice pipes up beside my ear."
        
        show yang annoyed
        with char
        
        qya "Tisk, tisk. Typical Greg, spreading his terrible influence yet again. You should turn back while you still can."
        
        "To my astonishment, there's a tiny monster hovering over my right shoulder. Another voice speaks into my left ear."
        
        show yang at slightright
        with move
        
        show yin shock at slightleft
        with char
        
        qyi "Are you kidding? Look, kid, you're having the time of your life! Forget about your stinky human friend!"
        
        hide yin
        hide yang
        with char
        
        show greg annoyed
        with char
        
        g "Ying, Yang, knock it off!"
        
        hide greg
        with char
        
    menu:
    
        "Bea is not stinky.":
            jump intro_yin_yang1
    
        "Greg seems alright to me.":
            jump intro_yin_yang2
    
        "Whoa, little demons!":
            jump intro_yin_yang3
        
    label intro_yin_yang1:
        
        p "Bea is {i}not{/i} stinky."
        
        "The two monsters are no more than a few inches tall, one white, one black. The black one – Yin, I assume – pipes up again."
        
        show yin annoyed
        with char
        
        yi "That's what you think, kid. All humans stink like a sasquatch's armpit."
        
        hide yin
        with char
        
        show yang close
        with char
        
        ya "Don't be cruel. The poor human can't help what it smells like."
        
        p "Really boosting my confidence, here."
        
        jump intro_yin_yang4
        
    label intro_yin_yang2:
        
        p "Greg seems alright to me."
        
        "The two monsters are no more than a few inches tall, one white, one black. The black one – Yin, I assume – pipes up again."
        
        show yin annoyed
        with char
        
        yi "That's very diplomatic of you, kid. But I'm with Yang here. Greg's an idiot."
        
        show yin close at slightleft
        with move
    
        show yang neutral 2 at slightright
        with char
        
        ya "A real reprobate."
        
        show yin annoyed
        show yang close
        
        yi "A downright skunk."
        
        hide yin
        hide yang
        with char
        
        show greg annoyed
        with char
        
        g "Stop it, you two, I'm flattered."
        
        jump intro_yin_yang4
        
    label intro_yin_yang3:
        
        p "Whoa, little demons!"
        
        "The two monsters are no more than a few inches tall, one white, one black. The black one – Yin, I assume – pipes up again."
        
        show yin annoyed
        with char
        
        yi "Imps, actually."
        
        show yin at slightleft
        with move
        
        show yang neutral 2 at slightright
        with char
        
        ya "We're just here to keep Greg on the right track."
        
        show yin neutral
        show yang annoyed
        
        yi "Or the wrong one!"
        
        show yang neutral 2
        
        ya "In the end, we're just looking out for his health."
        
        show yin shock
        with char
        
        yi "And my entertainment!"
        
        jump intro_yin_yang4
        
    label intro_yin_yang4:
        
        scene bg lake
        with fade
        
        "Greg comes to a stop by a dilapidated cabin overlooking a little lake. And I mean {i}dilapidated{/i}. It looks so old that the last resident could have been Abraham Lincoln."
        
        p "Wow, sick pad. Do you get cable out here?"
        
        show greg neutral
        
        g "I don't {i}live{/i} here. I'm a city boy through and through."
        
        "He picks a spiky seed pod off his jeans with an expression of disgust."
        
        g "The only thing that can convince me to trek through the forest is—"
        
        "Greg stops short, looking over my shoulder."
        
        g "Well, you're about to meet him."
        
        hide greg
        with char
        
        "I spin around and my flashlight illuminates a giant worm rearing its head through the trees."
        
        p "Holy fucking guacamole."
        
        show batu mouth
        with char
        
        "It looks like an earthworm, if earthworms were four-eyed, ten feet long, and red. The worm opens its mouth, giving me a good look at a deadly ring of sharp teeth. For a split second, I consider making a run for it."
        
        "Then it starts talking."
        
        show batu neutral
        with char
        
        play music "batu.ogg" fadeout 1
        
        qw "Greg. Do you care to explain?"
        
        show batu at right
        with move
        
        show greg neutral at left
        with char
        
        g "Heyyy, sorry I'm late. Traffic was a bitch and a half."
        
        g "By the way, can I say, your hat is looking {i}particularly{/i} rakish today?"
        
        show batu irritated
        
        qw "I meant the fact that you have a human."
        
        show greg annoyed
        
        g "Oh, yes, the human.{w=.5} Of course."
        
    menu:
    
        "He doesn't {i}have{/i} me.":
            jump intro_met_batu1
    
        "I like your hat.":
            jump intro_met_batu2
    
    label intro_met_batu1:
        
        p "Well, I wouldn't say he {i}has{/i} me, so much as he's {i}accompanying{/i} me, and I am here of my own free will."
        
        jump intro_met_batu3
        
    label intro_met_batu2:
        
        p "I like your hat!"
        
        jump intro_met_batu3
        
    label intro_met_batu3:
        
        "{i}(The giant worm ignores you.){/i}"
        
        show batu neutral
        
        qw "Let's convene inside. You'd better have a good explanation for this."
        
        g "Of course, of course. My explanation is going to blow you away, I promise."
        
        hide batu
        with char
        
        "The giant worm slithers into the cabin, passing right in front of me. He's even more impressive up close. Greg runs a hand through his hair, takes a deep breath, and follows him inside."
        
        yi "Ooooh, you've really kicked the imp's nest now."
        
        scene bg cottage
        with fade
        
        "I turn off my flashlight as I enter the doorway. The cabin is surprisingly nice on the inside, if a little overzealous on the floral wallpaper. It must have been one hell of a renovation project."
        
        "There's a little TV, a kitchenette, an antique chess set, and a bunch of other stuff. But you'll forgive me for glossing over the decor, because my attention was immediately drawn to the figure sitting on the couch."
        
        p "{i}GASP{/i}"
        
        p "You!"
        
        show moth startled
        with char
        
        qm "H-huh? Me?"
        
        p "Yes, you! You're Mothman!"
        
        show moth scared
        
        m "Aaah! I didn't do anything, I swear!"
        
        "He hides his face behind his wings."
        
        p "No, no, no, you don't understand! I'm your biggest fan!"
        
        "He has the head of a moth, a wingspan that's probably wider than I'm tall, and a plume of fluff around his neck that looks like the softest scarf in the world. In short, he's everything I ever expected."
        
        hide moth
        with char
        
        show greg annoyed
        with char
        
        g "Here we go again. Mothman this, Mothman that.{w=.5} Where are {i}my{/i} greatest fans?"
        
        ya "Hellooo? We're right here."
        
        show greg neutral
        
        g "I adopted you. You don't count."
        
        "You know that part of the story where the protagonist thinks, \"I must be dreaming,\" even though they're obviously not dreaming?{w=.5} Well, I'm ashamed to say, this is that part."
        
        "I subtlely pinch my arm, just to make sure it's really Mothman sitting on the couch in front of me. It's unbelievable. After so many years of research and daydreaming and terrible horror films, I finally found him."
        
        "And he's {i}cute as hell.{/i}"
        
        show greg at left
        with move
        
        show batu neutral at right
        with char
        
        qw "Ahem. I think some introductions are in order."
        
        g "Alright, alright. Everyone, I'd like you to meet [name]. [name], this is Mothman, and this is the Mongolian death worm."
        
        show batu irritated
        
        qw "That's very hurtful, you know. My name is Batu."
        
        g "Yeah, but that's what everyone knows you by."
        
        show batu neutral
        
        w "What if we called you the American death gargoyle. How would you like that?"
        
        show greg annoyed
        
        g "Excuse you.{w=.5} I'm one quarter German."
        
        hide greg
        with char
        
        show batu at center
        with move
        
        p "The Mongolian death worm! I've heard of you!"
        
        p "From the Gobi desert, right? Poisonous enough to cause instant death with a single touch?"
        
        show batu irritated
        
        w "The accounts are greatly exaggerated."
        
        p "But it really is you!"
        
        p "Ohmigosh, I have so many questions. How many of you are there? Can you all talk? Are sasquatches real too? Wait wait wait, what I really want to know about is..."
        
        hide batu
        with char
        
    menu:
    
        "Nessie.":
            jump intro_question1
    
        "The chupacabra.":
            jump intro_question2
    
        "Mokele-mbembe.":
            jump intro_question3
        
    label intro_question1:
        
        p "Nessie!"
        
        show greg neutral
        with char
        
        g "Old Nessie passed away a long time ago. But her sister Bessie is still around."
        
        p "The Lake Erie monster! I should have known!"
        
        show greg at left
        with move
        
        jump intro_question4
        
    label intro_question2:
        
        p "The chupacabra!"
        
        show greg neutral
        with char
        
        g "{i}The{/i} chupacabra? There are chupacabras all over the Americas."
        
        p "Really? How come we haven't seen them?"
        
        g "Trust me, you don't want to. They're ugly little things."
        
        show greg at left
        with move
        
        jump intro_question4
        
    label intro_question3:
        
        p "Mokele-mbembe!"
        
        show greg neutral
        with char
        
        g "What, that dinosaur they spotted in Africa?"
        
        show greg at left
        with move
        
        show batu neutral at right
        with char
        
        w "She's real. But she's not a dinosaur. More like a... six-legged crocodile."
        
        p "Fascinating."
        
        hide batu
        with char
        
        jump intro_question4
        
    label intro_question4:
        
        show moth neutral at right
        with char
        
        m "Um, Greg?"
        
        g "Yeah, moth boy?"
        
        m "Why do you have a human with you?"
        
        hide moth
        with char
        
        show batu neutral at right
        with char
        
        w "I am exceedingly interested in the answer to this question as well."
        
        g "Eheh, well, you see."
        
        g "I was high-tailing it to the lake, so I wouldn't keep you all waiting, when I happened across this poor human who'd fallen down the hill."
        
        g "Now, I couldn't just let them walk away after seeing my face. So I invited them along instead! They get to meet more cryptids, we get to not have our faces all over the news tomorrow morning. It's a win-win!"
        
        show batu angry
        
        w "But we can't keep them here forever. What happens once they return to their human family?"
        
        g "Ah, yes. Well."
        
        g "I didn't think that far ahead."
        
        show batu irritated
        
        "Batu sighs, squeezing his four eyes shut."
        
        w "This is exactly why we needed to have this meeting. Because of Mothman's recent incident, the area is going to be crawling with cryptid hunters. We have to be on high alert."
        
        hide greg
        with char
        
        show moth mix at left
        with char
        
        m "Sorry..."
        
        show batu neutral
        
        w "Mothman, you really have to stop swooping dramatically over humans in the dead of night."
        
        show moth startled:
            xalign -0.405
        
        m "But I {i}like{/i} swooping over humans in the dead of night. Swooping over humans is my {i}thing{/i}."
        
        p "Excuse me, don't {i}I{/i} get a say on what happens to me?"
        
        w "Unfortunately, no."
        
        hide moth
        with char
        
        show greg neutral at left
        with char
        
        g "Sorry, buddy. I know you're used to being king of the world back in humantown, but this is strictly cryptid business."
        
        g "Besides, are you saying that if we let you go right now, you {i}wouldn't{/i} go blabbing to all your friends?"
        
        p "Well..."
        
        hide greg
        hide batu
        with char
        
    menu:
    
        "I'd be tempted.":
            jump intro_blab1
    
        "I'd keep your secret.":
            jump intro_blab2
        
    label intro_blab1:
        
        p "I guess I'd be tempted. I mean, what do you expect? This is what I've been searching for my entire life!"
        
        p "Would it be so bad if you were revealed? There's so many people who believe in you already. Don't they deserve to know?"
        
        show greg annoyed
        with char
        
        g "Listen, you humans are assholes to people just because they have a different skin color than you. How do you think your friends would feel about a giant talking worm?"
        
        hide greg
        show batu neutral
        with char
        
        w "Greg is right, for once. As long as we remain hidden, we can live our lives in peace."
        
        p "I guess that makes sense, if you put it that way..."
        
        jump intro_blab3
        
    label intro_blab2:
        
        p "No, I wouldn't. I'll keep your secret."
        
        p "I'm on your side! I have a poster of Mothman hanging in my bedroom, for God's sake. I don't want any harm to come to you."
        
        show moth mix
        with char
        
        m "R-really?"
        
        p "Sorry, I guess that's kind of weird."
        
        show moth neutral
        
        m "No, um, I'm flattered!"
        
        hide moth
        with char
        
        show batu neutral
        with char
        
        w "Forgive me if I'm reluctant to entrust a stranger with our greatest secret. Staying hidden is a serious matter."
        
        jump intro_blab3
        
    label intro_blab3:
        
        w "You'll just have to stay here until we figure out what to do with you."
        
        hide batu
        with char
        
        "My phone starts vibrating in my back pocket. I pull it out to check. It's Bea – I almost forgot about her in all the commotion."
        
        show greg neutral
        with char
        
        g "Better not take that call."
        
        p "Yeah, no problem."
        
        hide greg
        with char
        
        "As I decline the call, I realize that if I want to escape, this might be my best shot. If I stick around any longer, it sounds like I might end up tied to a radiator, or worse. And there's no one standing between me and the door."
        
    menu:
    
        "(Snap a pic and run for it)":
            jump intro_run1
    
        "(Just go along with it)":
            jump intro_stay1
        
    label intro_run1:
        
        "I open the camera, subtlely angle the phone upward, and take a picture with all three cryptids in the frame. However, because I'm an idiot, I didn't account for the annoying shutter sound that the phone makes."
        
        "For a second, there's a silence in the cabin."
        
        p "I'm-really-sorry-bye!"
        
        "I turn around and sprint out the door."
        
        scene bg lake
        with fade
        
        show batu mouth
        with char
        
        w "Get back here, human!"
        
        show batu angry
        with char
        
        w "Mothman—"
        
        hide batu
        with char
        
        show moth startled
        with char
        
        m "On it!"
        
        "I glance over my shoulder to see Mothman burst out of the cabin, his impressive wingspan blotting out the stars. Breathing hard, I duck into the treeline. "
        
        scene bg forest
        with fade
        
        "I can't remember which way I came from, so I just choose a direction and stick to it, tree trunks zooming past in the dark. Mothman won't be able to fly through the undergrowth for long, right?"
        
        "I run for what seems like hours but was probably minutes, then squat down, gasping. I put one hand against a tree trunk as the world sways around me. I haven't gotten this much exercise since the time Bea dragged me to a Zumba workshop."
        
        show yin neutral
        with char
        
        yi "Good work, kid, I think you lost him!"
        
        p "Yin? {i}gasp{/i}...{w=.5} What are you... {i}gasp{/i}...{w=.5} doing here?"
        
        show yin at slightleft
        with move
        
        show yang close at slightright
        with char
        
        ya "I'm here too, despite my better judgement."
        
        show yin shock
        
        yi "Why am I here? Are you kidding? This is the most fun I've had since the police caught Greg tagging the water tower!"
        
        show yang neutral 2
        
        ya "We're here because Greg asked us to keep an eye on you."
        
        p "Well, you can... {i}gasp{/i}...{w=.5} go back now, because I'm... {i}gasp{/i}...{w=.5} doing completely fine on my own, thank you very much."
        
        "I make a halfhearted shooing motion at them. Then I hear a low chuckle from nearby."
        
        hide yin
        hide yang
        with char
        
        qh "Well, well, well. What's a tasty morsel like you doing wandering the forest?"
        
        jump intro_holly1
        
    label intro_stay1:
        
        $ stay = True
        
        "I obediently decline the call and put the phone back in my pocket. I don't know why, but getting on the bad side of something called a \"death worm\" strikes me as a bad idea."

Ren'Py Version: Ren'Py 7.3.5.606
Wed Oct 30 00:20:28 2019
